# RentSphere load-test session log
# generated: 2026-09-30T13:36:57+03:00  host: Darwin arm64  macOS: 26.5

$ java -version
  openjdk version "17.0.18" 2026-01-20
  OpenJDK Runtime Environment Homebrew (build 17.0.18+0)
  OpenJDK 64-Bit Server VM Homebrew (build 17.0.18+0, mixed mode, sharing)

$ jmeter --version
  5.6.3
$ docker compose ps
  rentsphere-backend	Up 13 minutes	0.0.0.0:8090->8080/tcp, [::]:8090->8080/tcp
  rentsphere-frontend	Up 13 minutes	0.0.0.0:3000->3000/tcp, [::]:3000->3000/tcp
  rentsphere-mysql	Up 17 minutes (healthy)	3306/tcp, 33060/tcp

$ docker image digests
  backend  sha256:4ffd3b22560a447254bc116c193564728dc05ab7b5220bd2677ad478272610ec  built 2026-09-30T10:19:57.289438418Z
  frontend sha256:a20c7a28e5473ceb3d35a8020a7f9f5abc91bb62de5f5fdce57384a4bfa685bc  built 2026-09-30T10:22:25.652482251Z

$ mysql row counts + general_log
  properties      100000
  property_images 300000
  users           5002
  general_log     0

$ curl smoke (cold request timings)
  /api/properties/filter?city=Cairo&isAvailable=true         HTTP 200  0.199279s
  /api/properties/search?prefix=Sea                          HTTP 200  0.040359s
  /api/properties/50000                                      HTTP 200  0.002052s
  /api/user/me (Bearer JWT)                                  HTTP 200  0.003243s

$ jmeter -n -t rentsphere-load-test.jmx -Jthreads=50 -Jduration=60 -JresultFile=run_50_20260930.jtl
  summary =   1749 in 00:01:00 =   29.1/s  Avg: 55  Min: 1  Max: 719  Err: 0 (0.00%)

$ jmeter -n -t rentsphere-load-test.jmx -Jthreads=200 -Jduration=60 -JresultFile=run_200_20260930.jtl
  summary =   3784 in 00:01:04 =   59.6/s  Avg: 1443  Min: 1  Max: 10870  Err: 0 (0.00%)

$ python3 analyze_results.py run_50_20260930.jtl run_200_20260930.jtl
  --- run_50_20260930.jtl (window 58s) ---
  label                                       n      avg      p90      p95       max   err%   req/s
  GET /api/properties/filter                454       10       20       25        56   0.00     7.8
  GET /api/properties/search                442      201      277      424       719   0.00     7.6
  GET /api/properties/{id}                  433        4        6       10        49   0.00     7.4
  GET /api/user/me (authed)                 420        5        8       12        44   0.00     7.2
  __ALL__                                  1749       55      186      228       719   0.00    29.9
  
  --- run_200_20260930.jtl (window 59s) ---
  label                                       n      avg      p90      p95       max   err%   req/s
  GET /api/properties/filter               1033      467     1041     1422      3388   0.00    17.6
  GET /api/properties/search                995     3913     6644     7327     10870   0.00    16.9
  GET /api/properties/{id}                  892      544     1224     1541      3209   0.00    15.2
  GET /api/user/me (authed)                 864      694     1342     1652      3221   0.00    14.7
  __ALL__                                  3784     1443     4511     5602     10870   0.00    64.5
  

## GUI runs (screenshots 02-06) — same stack, same plan, driven from the JMeter 5.6.3 GUI
# JMeter GUI itself ran on openjdk 26 (Homebrew JDK 17 was used for the -n runs above);
# the backend/MySQL containers and the seeded data were unchanged between the two sets.
# The plan in the GUI had Number of Threads / Ramp / Duration typed in as literals
# (50, 10, 60 / 100, 10, 60 / 200, 10, 60) instead of ${THREADS} etc. Nothing else changed.

$ jmeter -t rentsphere-load-test.jmx -Jhost=localhost -Jport=8090   (GUI, Run > Start, 50 users)
  Summary Report TOTAL: 1754 samples, 0.00% errors, 30.0/sec, avg 45 ms, max 441 ms   -> screenshot 02

$ jmeter -t rentsphere-load-test.jmx -Jhost=localhost -Jport=8090   (GUI, Run > Start, 100 users)
  Summary Report TOTAL: 3462 samples, 0.00% errors, 58.4/sec, avg 74 ms, max 1118 ms  -> screenshots 03, 04

$ jmeter -t rentsphere-load-test.jmx -Jhost=localhost -Jport=8090   (GUI, Run > Start, 200 users)
  Summary Report TOTAL: 4328 samples, 0.00% errors, 70.0/sec, avg 1062 ms, max 10499 ms -> screenshots 05, 06

$ python3 analyze_results.py run_gui_50_20260930.jtl run_gui_100_20260930.jtl run_gui_200_20260930.jtl
  --- run_gui_50_20260930.jtl (window 58s) ---
  label                                       n      avg      p90      p95       max   err%   req/s
  GET /api/properties/filter                458        7       14       16        44   0.00     7.9
  GET /api/properties/search                446      165      223      267       441   0.00     7.7
  GET /api/properties/{id}                  429        2        5        7        31   0.00     7.4
  GET /api/user/me (authed)                 421        3        5        7        30   0.00     7.2
  __ALL__                                  1754       45      165      193       441   0.00    30.1

  --- run_gui_100_20260930.jtl (window 59s) ---
  label                                       n      avg      p90      p95       max   err%   req/s
  GET /api/properties/filter                906       14       36       50       173   0.00    15.4
  GET /api/properties/search                885      268      449      600      1118   0.00    15.1
  GET /api/properties/{id}                  847        5       10       16       106   0.00    14.4
  GET /api/user/me (authed)                 824        6       12       21       131   0.00    14.0
  __ALL__                                  3462       75      250      357      1118   0.00    59.0

  --- run_gui_200_20260930.jtl (window 59s) ---
  label                                       n      avg      p90      p95       max   err%   req/s
  GET /api/properties/filter               1158      341      745      965      2083   0.00    19.7
  GET /api/properties/search               1131     2945     5043     5802     10499   0.00    19.2
  GET /api/properties/{id}                 1037      366      806     1057      3524   0.00    17.6
  GET /api/user/me (authed)                1002      491      984     1190      2376   0.00    17.1
  __ALL__                                  4328     1062     3302     4165     10499   0.00    73.6

$ jmeter -t rentsphere-load-test.jmx -Jhost=localhost -Jport=8090   (GUI, Aggregate Graph listener added, Run > Start, 100 users)
  Aggregate Graph TOTAL row: 3457 samples, Average 65 ms, Median 6, 90% Line 223, 95% Line 301,
  99% Line 547, Min 0, Max 1005, Error 0.00%, Throughput 58.9/sec                     -> screenshot 07
  Aggregate Graph GET /api/properties/{id}: 849 samples, 95% Line 13 ms
  (this is a second 100-user run, separate from the one behind screenshots 03 and 04)

# note: the tables above headed "$ python3 analyze_results.py ..." came from a local helper
# that was later dropped from this folder. Every figure in them is reproduced by JMeter's own
# listeners (Summary Report / Aggregate Graph, screenshots 02-07) or by `jmeter -g`.
